17:54:56.790 [main                     ] DEBUG Logger               - Configured Logger
17:54:56.794 [main                     ] DEBUG GameApplication      - Logging settings
Title: Junction Visualiser
Version: 
Width: 768
Height: 768
Fullscreen: false
Intro: false
Profiling: false
Single step:false
App Mode: DEVELOPER
Menu Key: ESCAPE
Stage Style: DECORATED
Scene Factory: class com.almasb.fxgl.app.scene.SceneFactory

17:54:56.872 [JavaFX Application Thread] DEBUG FXGLApplication      - Initializing FXGL
17:54:56.874 [JavaFX Application Thread] INFO  Engine               - FXGL-21.1 (27.03.2024 07.52) on MAC (J:23.0.2 FX:21.0.1)
17:54:56.874 [JavaFX Application Thread] DEBUG Engine               - JRE Vendor Name: Homebrew
17:54:56.874 [JavaFX Application Thread] DEBUG Engine               - Running on OS: Mac OS X version 15.3.1
17:54:56.874 [JavaFX Application Thread] DEBUG Engine               - Architecture: aarch64
17:54:56.874 [JavaFX Application Thread] INFO  Engine               - Source code and latest versions at: https://github.com/AlmasB/FXGL
17:54:56.874 [JavaFX Application Thread] INFO  Engine               -       Ask questions and discuss at: https://github.com/AlmasB/FXGL/discussions
17:54:56.874 [JavaFX Application Thread] INFO  Engine               -              Join the FXGL chat at: https://gitter.im/AlmasB/FXGL
17:54:56.905 [JavaFX Application Thread] DEBUG PrimaryStageWindow   - Creating a JavaFX scene
17:54:56.918 [JavaFX Application Thread] DEBUG PrimaryStageWindow   - Target settings size: 768.0 x 768.0
17:54:56.918 [JavaFX Application Thread] DEBUG PrimaryStageWindow   - Scaled scene size:    768.0 x 768.0
17:54:56.918 [JavaFX Application Thread] DEBUG PrimaryStageWindow   - Scaled ratio: (1.0, 1.0)
17:54:56.918 [JavaFX Application Thread] DEBUG PrimaryStageWindow   - Set initial scene to FXGLStartupScene
17:54:56.919 [JavaFX Application Thread] DEBUG PrimaryStageWindow   - Opening main window
17:54:56.943 [JavaFX Application Thread] DEBUG PrimaryStageWindow   - Window border size: (0.0, 28.0)
17:54:56.943 [JavaFX Application Thread] DEBUG PrimaryStageWindow   - Scaled size: 768.0 x 768.0
17:54:56.943 [JavaFX Application Thread] DEBUG PrimaryStageWindow   - Scaled ratio: (1.0, 1.0)
17:54:56.943 [JavaFX Application Thread] DEBUG PrimaryStageWindow   - Scene size: 768.0 x 768.0
17:54:56.943 [JavaFX Application Thread] DEBUG PrimaryStageWindow   - Stage size: 768.0 x 796.0
17:54:56.946 [FXGL Background Thread 1 ] DEBUG Engine               - Initializing environment variables
17:54:56.977 [FXGL Background Thread 1 ] DEBUG FXGLAssetLoaderServi - User app class for loading assets: class uk.ac.warwick.dcs.visualisation.Visualiser
17:54:56.978 [FXGL Background Thread 1 ] DEBUG GameApplicationServi - Applying CSS: fxgl_dark.css
17:54:56.978 [FXGL Background Thread 1 ] DEBUG FXGLAssetLoaderServi - Loading from file system: jar:file:/Users/davidr/.m2/repository/com/github/almasb/fxgl/21.1/fxgl-21.1.jar!/fxglassets/ui/css/fxgl_dark.css
17:54:56.994 [FXGL Background Thread 1 ] DEBUG GameApplicationServi - Initializing application scenes
17:54:57.154 [FXGL Background Thread 1 ] DEBUG GameWorld            - Game world initialized
17:54:57.172 [FXGL Background Thread 1 ] DEBUG PhysicsWorld         - Physics world initialized: appHeight=768, physics.ppm=50.0
17:54:57.172 [FXGL Background Thread 1 ] DEBUG PhysicsWorld         - Using strategy: BRUTE_FORCE
17:54:57.173 [FXGL Background Thread 1 ] DEBUG GameScene            - Game scene initialized: 768x768
17:54:57.177 [FXGL Background Thread 1 ] WARN  FXGL.DefaultMenu     - FXGLDefaultMenu is not designed for resolutions < 800x600
17:54:57.177 [FXGL Background Thread 1 ] DEBUG FXGL.DefaultMenu     - createMenuBodyGameMenu()
17:54:57.181 [FXGL Background Thread 1 ] DEBUG FXGL.DefaultMenu     - createOptionsMenu()
17:54:57.184 [FXGL Background Thread 1 ] DEBUG FXGLAssetLoaderServi - Loading from file system: jar:file:/Users/davidr/.m2/repository/com/github/almasb/fxgl/21.1/fxgl-21.1.jar!/fxglassets/textures/particles/smoke.png
17:54:57.219 [FXGL Background Thread 1 ] DEBUG FXGLAssetLoaderServi - Loading from file system: jar:file:/Users/davidr/.m2/repository/com/github/almasb/fxgl/21.1/fxgl-21.1.jar!/fxglassets/textures/particles/trace_horizontal.png
17:54:57.229 [FXGL Background Thread 1 ] DEBUG GameApplicationServi - Application scenes initialized
17:54:57.233 [FXGL Background Thread 1 ] DEBUG SystemBundleService  - Loading FXGL system data
17:54:57.233 [FXGL Background Thread 1 ] WARN  SystemBundleService  - Failed to load: java.io.FileNotFoundException: /Users/davidr/uni/yr2/cs261/cwk/junctionmodeller/system/fxgl.bundle (No such file or directory)
17:54:57.233 [FXGL Background Thread 1 ] DEBUG SystemBundleService  - Loading default FXGL system data
17:54:57.234 [FXGL Background Thread 1 ] DEBUG UpdaterService       - Checking for updates
17:54:57.234 [FXGL Background Thread 4 ] DEBUG FXGLApplication      - Loading fonts
17:54:57.235 [FXGL Background Thread 1 ] DEBUG FXGLApplication      - Loading default localization
17:54:57.235 [FXGL Background Thread 4 ] DEBUG FXGLAssetLoaderServi - Loading from file system: jar:file:/Users/davidr/.m2/repository/com/github/almasb/fxgl/21.1/fxgl-21.1.jar!/fxglassets/ui/fonts/VarelaRound-Regular.ttf
17:54:57.235 [FXGL Background Thread 1 ] DEBUG FXGLAssetLoaderServi - Loading from file system: jar:file:/Users/davidr/.m2/repository/com/github/almasb/fxgl/21.1/fxgl-21.1.jar!/fxglassets/languages/english.lang
17:54:57.239 [FXGL Background Thread 1 ] INFO  FXGLApplication      - FXGL initialization took: 0.294 sec
17:54:57.240 [JavaFX Application Thread] DEBUG FXGLAssetLoaderServi - Loading from file system: jar:file:/Users/davidr/.m2/repository/com/github/almasb/fxgl/21.1/fxgl-21.1.jar!/fxglassets/textures/fxgl_icon.png
17:54:57.243 [FXGL Background Thread 4 ] DEBUG FXGLAssetLoaderServi - Loading from file system: jar:file:/Users/davidr/.m2/repository/com/github/almasb/fxgl/21.1/fxgl-21.1.jar!/fxglassets/ui/fonts/Abel-Regular.ttf
17:54:57.244 [FXGL Background Thread 4 ] DEBUG FXGLAssetLoaderServi - Loading from file system: jar:file:/Users/davidr/.m2/repository/com/github/almasb/fxgl/21.1/fxgl-21.1.jar!/fxglassets/ui/fonts/TerminalLandMono-Regular.otf
17:54:57.245 [FXGL Background Thread 4 ] DEBUG FXGLAssetLoaderServi - Loading from file system: jar:file:/Users/davidr/.m2/repository/com/github/almasb/fxgl/21.1/fxgl-21.1.jar!/fxglassets/ui/fonts/Courier-Prime.ttf
17:54:57.254 [JavaFX Application Thread] DEBUG FXGLAssetLoaderServi - Loading from file system: jar:file:/Users/davidr/.m2/repository/com/github/almasb/fxgl/21.1/fxgl-21.1.jar!/fxglassets/textures/fxgl_default_cursor.png
17:54:57.258 [JavaFX Application Thread] DEBUG Input                - Registered new binding: Screenshot - CTRL+8
17:54:57.258 [JavaFX Application Thread] DEBUG Input                - Registered new binding: System info dump - CTRL+9
17:54:57.258 [JavaFX Application Thread] DEBUG Input                - Registered new binding: Restart - CTRL+R
17:54:57.258 [JavaFX Application Thread] DEBUG Input                - Registered new binding: Toggle Debug Camera - CTRL+7
17:54:57.259 [JavaFX Application Thread] DEBUG LoopRunner           - Starting loop
17:54:57.259 [JavaFX Application Thread] DEBUG LoopRunner           - Initializing JavaFX AnimationTimerLoop
17:54:57.259 [JavaFX Application Thread] DEBUG GameApplicationServi - Starting new game
17:54:57.259 [JavaFX Application Thread] DEBUG Input                - Clearing active input actions
17:54:57.263 [JavaFX Application Thread] DEBUG GameApplicationServi - Removing overlay from FXGLStartupScene and adding to FXGLLoadingScene
17:54:57.263 [JavaFX Application Thread] DEBUG PrimaryStageWindow   - FXGLStartupScene -> FXGLLoadingScene
17:54:57.263 [JavaFX Application Thread] DEBUG GameApplicationServi - Clearing previous game
17:54:57.263 [JavaFX Application Thread] DEBUG GameScene            - Clearing game scene
17:54:57.263 [JavaFX Application Thread] DEBUG GameWorld            - Clearing game world
17:54:57.263 [JavaFX Application Thread] DEBUG PhysicsWorld         - Clearing physics world
17:54:57.264 [FXGL Background Thread 4 ] DEBUG FXGLApplication      - Initializing game
17:54:57.264 [FXGL Background Thread 4 ] INFO  FXGLApplication      - Game initialization took: 0.001 sec
17:54:57.267 [JavaFX Application Thread] DEBUG FXGLApplication      - Registering font factories with UI factory
17:54:57.268 [JavaFX Application Thread] DEBUG Input                - Clearing active input actions
17:54:57.271 [JavaFX Application Thread] DEBUG GameApplicationServi - Removing overlay from FXGLLoadingScene and adding to GameScene
17:54:57.271 [JavaFX Application Thread] DEBUG PrimaryStageWindow   - FXGLLoadingScene -> GameScene
17:55:00.239 [FXGL Background Thread 3 ] DEBUG Engine               - Logging environment variables
17:55:00.241 [FXGL Background Thread 3 ] DEBUG Engine               - achievements: []
17:55:00.242 [FXGL Background Thread 3 ] DEBUG Engine               - actualHeight: 768.0
17:55:00.242 [FXGL Background Thread 3 ] DEBUG Engine               - actualHeightProperty: ReadOnlyDoubleProperty [value: 768.0]
17:55:00.242 [FXGL Background Thread 3 ] DEBUG Engine               - actualWidth: 768.0
17:55:00.242 [FXGL Background Thread 3 ] DEBUG Engine               - actualWidthProperty: ReadOnlyDoubleProperty [value: 768.0]
17:55:00.243 [FXGL Background Thread 3 ] DEBUG Engine               - appIcon: fxgl_icon.png
17:55:00.243 [FXGL Background Thread 3 ] DEBUG Engine               - applicationMode: DEVELOPER
17:55:00.243 [FXGL Background Thread 3 ] DEBUG Engine               - cSSList: [fxgl_dark.css]
17:55:00.243 [FXGL Background Thread 3 ] DEBUG Engine               - collisionDetectionStrategy: BRUTE_FORCE
17:55:00.243 [FXGL Background Thread 3 ] DEBUG Engine               - configClass: Optional.empty
17:55:00.243 [FXGL Background Thread 3 ] DEBUG Engine               - credits: []
17:55:00.244 [FXGL Background Thread 3 ] DEBUG Engine               - defaultCursor: CursorInfo(imageName=fxgl_default_cursor.png, hotspotX=7.0, hotspotY=6.0)
17:55:00.244 [FXGL Background Thread 3 ] DEBUG Engine               - devBBoxColorProperty: ObjectProperty [value: 0xff0000ff]
17:55:00.244 [FXGL Background Thread 3 ] DEBUG Engine               - devEnableDebugCameraProperty: BooleanProperty [value: false]
17:55:00.245 [FXGL Background Thread 3 ] DEBUG Engine               - devSensorColorProperty: ObjectProperty [value: 0xffff00ff]
17:55:00.245 [FXGL Background Thread 3 ] DEBUG Engine               - devShowBBoxProperty: BooleanProperty [value: false]
17:55:00.245 [FXGL Background Thread 3 ] DEBUG Engine               - devShowPositionProperty: BooleanProperty [value: false]
17:55:00.245 [FXGL Background Thread 3 ] DEBUG Engine               - enabledMenuItems: []
17:55:00.245 [FXGL Background Thread 3 ] DEBUG Engine               - engineServices: [class com.almasb.fxgl.app.services.FXGLAssetLoaderService, class com.almasb.fxgl.app.FXGLApplication$GameApplicationService, class com.almasb.fxgl.app.services.FXGLDialogService, class com.almasb.fxgl.app.services.IOTaskExecutorService, class com.almasb.fxgl.io.FileSystemService, class com.almasb.fxgl.localization.LocalizationService, class com.almasb.fxgl.app.services.SystemBundleService, class com.almasb.fxgl.profile.SaveLoadService, class com.almasb.fxgl.ui.FXGLUIFactoryServiceProvider, class com.almasb.fxgl.ui.FXGLDialogFactoryServiceProvider, class com.almasb.fxgl.audio.AudioPlayer, class com.almasb.fxgl.notification.impl.NotificationServiceProvider, class com.almasb.fxgl.achievement.AchievementService, class com.almasb.fxgl.cutscene.CutsceneService, class com.almasb.fxgl.minigames.MiniGameService, class com.almasb.fxgl.net.NetService, class com.almasb.fxgl.app.services.UpdaterService, class com.almasb.fxgl.dev.DevService]
17:55:00.245 [FXGL Background Thread 3 ] DEBUG Engine               - fontGame: Abel-Regular.ttf
17:55:00.245 [FXGL Background Thread 3 ] DEBUG Engine               - fontMono: TerminalLandMono-Regular.otf
17:55:00.245 [FXGL Background Thread 3 ] DEBUG Engine               - fontSizeScaleUI: 1.0
17:55:00.245 [FXGL Background Thread 3 ] DEBUG Engine               - fontText: Courier-Prime.ttf
17:55:00.245 [FXGL Background Thread 3 ] DEBUG Engine               - fontUI: VarelaRound-Regular.ttf
17:55:00.245 [FXGL Background Thread 3 ] DEBUG Engine               - fullScreen: BooleanProperty [value: false]
17:55:00.245 [FXGL Background Thread 3 ] DEBUG Engine               - gameDifficulty: MEDIUM
17:55:00.245 [FXGL Background Thread 3 ] DEBUG Engine               - gameDifficultyProperty: ObjectProperty [value: MEDIUM]
17:55:00.245 [FXGL Background Thread 3 ] DEBUG Engine               - globalMusicVolume: 0.5
17:55:00.246 [FXGL Background Thread 3 ] DEBUG Engine               - globalMusicVolumeProperty: DoubleProperty [value: 0.5]
17:55:00.246 [FXGL Background Thread 3 ] DEBUG Engine               - globalSoundVolume: 0.5
17:55:00.246 [FXGL Background Thread 3 ] DEBUG Engine               - globalSoundVolumeProperty: DoubleProperty [value: 0.5]
17:55:00.246 [FXGL Background Thread 3 ] DEBUG Engine               - height: 768
17:55:00.246 [FXGL Background Thread 3 ] DEBUG Engine               - is3D: false
17:55:00.246 [FXGL Background Thread 3 ] DEBUG Engine               - isAndroid: false
17:55:00.246 [FXGL Background Thread 3 ] DEBUG Engine               - isBrowser: false
17:55:00.246 [FXGL Background Thread 3 ] DEBUG Engine               - isClickFeedbackEnabled: false
17:55:00.246 [FXGL Background Thread 3 ] DEBUG Engine               - isCloseConfirmation: false
17:55:00.246 [FXGL Background Thread 3 ] DEBUG Engine               - isDesktop: true
17:55:00.246 [FXGL Background Thread 3 ] DEBUG Engine               - isDeveloperMenuEnabled: false
17:55:00.246 [FXGL Background Thread 3 ] DEBUG Engine               - isEmbedded: false
17:55:00.246 [FXGL Background Thread 3 ] DEBUG Engine               - isEntityPreloadEnabled: true
17:55:00.246 [FXGL Background Thread 3 ] DEBUG Engine               - isExperimentalTiledLargeMap: false
17:55:00.246 [FXGL Background Thread 3 ] DEBUG Engine               - isFileSystemWriteAllowed: true
17:55:00.247 [FXGL Background Thread 3 ] DEBUG Engine               - isFullScreenAllowed: false
17:55:00.247 [FXGL Background Thread 3 ] DEBUG Engine               - isFullScreenFromStart: false
17:55:00.247 [FXGL Background Thread 3 ] DEBUG Engine               - isGameMenuEnabled: true
17:55:00.247 [FXGL Background Thread 3 ] DEBUG Engine               - isIOS: false
17:55:00.247 [FXGL Background Thread 3 ] DEBUG Engine               - isIntroEnabled: false
17:55:00.247 [FXGL Background Thread 3 ] DEBUG Engine               - isLinux: false
17:55:00.247 [FXGL Background Thread 3 ] DEBUG Engine               - isMac: true
17:55:00.247 [FXGL Background Thread 3 ] DEBUG Engine               - isMainMenuEnabled: false
17:55:00.247 [FXGL Background Thread 3 ] DEBUG Engine               - isManualResizeEnabled: false
17:55:00.247 [FXGL Background Thread 3 ] DEBUG Engine               - isMobile: false
17:55:00.247 [FXGL Background Thread 3 ] DEBUG Engine               - isNative: false
17:55:00.248 [FXGL Background Thread 3 ] DEBUG Engine               - isPauseMusicWhenMinimized: true
17:55:00.248 [FXGL Background Thread 3 ] DEBUG Engine               - isPreserveResizeRatio: false
17:55:00.248 [FXGL Background Thread 3 ] DEBUG Engine               - isProfilingEnabled: false
17:55:00.248 [FXGL Background Thread 3 ] DEBUG Engine               - isScaleAffectedOnResize: true
17:55:00.248 [FXGL Background Thread 3 ] DEBUG Engine               - isSingleStep: false
17:55:00.248 [FXGL Background Thread 3 ] DEBUG Engine               - isUserProfileEnabled: false
17:55:00.248 [FXGL Background Thread 3 ] DEBUG Engine               - isWindows: false
17:55:00.248 [FXGL Background Thread 3 ] DEBUG Engine               - language: ObjectProperty [value: ENGLISH]
17:55:00.248 [FXGL Background Thread 3 ] DEBUG Engine               - menuKey: ESCAPE
17:55:00.248 [FXGL Background Thread 3 ] DEBUG Engine               - mouseSensitivity: 0.2
17:55:00.248 [FXGL Background Thread 3 ] DEBUG Engine               - notificationViewClass: class com.almasb.fxgl.notification.view.XboxNotificationView
17:55:00.248 [FXGL Background Thread 3 ] DEBUG Engine               - pixelsPerMeter: 50.0
17:55:00.248 [FXGL Background Thread 3 ] DEBUG Engine               - platform: MAC
17:55:00.248 [FXGL Background Thread 3 ] DEBUG Engine               - prefHeightProperty: ReadOnlyDoubleProperty [value: 768.0]
17:55:00.248 [FXGL Background Thread 3 ] DEBUG Engine               - prefWidthProperty: ReadOnlyDoubleProperty [value: 768.0]
17:55:00.248 [FXGL Background Thread 3 ] DEBUG Engine               - profileDir: profiles/
17:55:00.248 [FXGL Background Thread 3 ] DEBUG Engine               - profileName: StringProperty [value: DEFAULT]
17:55:00.249 [FXGL Background Thread 3 ] DEBUG Engine               - randomSeed: -1
17:55:00.249 [FXGL Background Thread 3 ] DEBUG Engine               - runtimeInfo: RuntimeInfo(platform=MAC, version=21.1, build=27.03.2024 07.52)
17:55:00.249 [FXGL Background Thread 3 ] DEBUG Engine               - saveFileExt: sav
17:55:00.249 [FXGL Background Thread 3 ] DEBUG Engine               - scaledHeightProp$fxgl: DoubleProperty [bound, value: 768.0]
17:55:00.249 [FXGL Background Thread 3 ] DEBUG Engine               - scaledWidthProp$fxgl: DoubleProperty [bound, value: 768.0]
17:55:00.249 [FXGL Background Thread 3 ] DEBUG Engine               - sceneFactory: com.almasb.fxgl.app.scene.SceneFactory@2d4ec044
17:55:00.249 [FXGL Background Thread 3 ] DEBUG Engine               - secondsIn24h: 60
17:55:00.249 [FXGL Background Thread 3 ] DEBUG Engine               - soundMenuBack: menu/back.wav
17:55:00.250 [FXGL Background Thread 3 ] DEBUG Engine               - soundMenuPress: menu/press.wav
17:55:00.250 [FXGL Background Thread 3 ] DEBUG Engine               - soundMenuSelect: menu/select.wav
17:55:00.250 [FXGL Background Thread 3 ] DEBUG Engine               - soundNotification: core/notification.wav
17:55:00.250 [FXGL Background Thread 3 ] DEBUG Engine               - stageStyle: DECORATED
17:55:00.250 [FXGL Background Thread 3 ] DEBUG Engine               - supportedLanguages: [ENGLISH, FRENCH, GERMAN, HUNGARIAN, RUSSIAN]
17:55:00.250 [FXGL Background Thread 3 ] DEBUG Engine               - ticksPerSecond: -1
17:55:00.250 [FXGL Background Thread 3 ] DEBUG Engine               - title: Junction Visualiser
17:55:00.250 [FXGL Background Thread 3 ] DEBUG Engine               - urlGithub: https://github.com/AlmasB/FXGL
17:55:00.250 [FXGL Background Thread 3 ] DEBUG Engine               - urlLeaderboard: http://fxgl-top.herokuapp.com/
17:55:00.251 [FXGL Background Thread 3 ] DEBUG Engine               - urlPOM: https://raw.githubusercontent.com/AlmasB/FXGL/release/README.md
17:55:00.251 [FXGL Background Thread 3 ] DEBUG Engine               - userAppClass: class uk.ac.warwick.dcs.visualisation.Visualiser
17:55:00.251 [FXGL Background Thread 3 ] DEBUG Engine               - version: 
17:55:00.251 [FXGL Background Thread 3 ] DEBUG Engine               - versionCheckDays: 7
17:55:00.251 [FXGL Background Thread 3 ] DEBUG Engine               - width: 768
17:55:00.251 [FXGL Background Thread 3 ] DEBUG Engine               - Logging services
17:55:00.251 [FXGL Background Thread 3 ] DEBUG Engine               - class com.almasb.fxgl.app.services.FXGLAssetLoaderService
17:55:00.251 [FXGL Background Thread 3 ] DEBUG Engine               - class com.almasb.fxgl.app.FXGLApplication$GameApplicationService
17:55:00.251 [FXGL Background Thread 3 ] DEBUG Engine               - class com.almasb.fxgl.app.services.FXGLDialogService
17:55:00.251 [FXGL Background Thread 3 ] DEBUG Engine               - class com.almasb.fxgl.app.services.IOTaskExecutorService
17:55:00.251 [FXGL Background Thread 3 ] DEBUG Engine               - class com.almasb.fxgl.io.FileSystemService
17:55:00.251 [FXGL Background Thread 3 ] DEBUG Engine               - class com.almasb.fxgl.localization.LocalizationService
17:55:00.251 [FXGL Background Thread 3 ] DEBUG Engine               - class com.almasb.fxgl.app.services.SystemBundleService
17:55:00.251 [FXGL Background Thread 3 ] DEBUG Engine               - class com.almasb.fxgl.profile.SaveLoadService
17:55:00.251 [FXGL Background Thread 3 ] DEBUG Engine               - class com.almasb.fxgl.ui.FXGLUIFactoryServiceProvider
17:55:00.251 [FXGL Background Thread 3 ] DEBUG Engine               - class com.almasb.fxgl.ui.FXGLDialogFactoryServiceProvider
17:55:00.251 [FXGL Background Thread 3 ] DEBUG Engine               - class com.almasb.fxgl.audio.AudioPlayer
17:55:00.251 [FXGL Background Thread 3 ] DEBUG Engine               - class com.almasb.fxgl.notification.impl.NotificationServiceProvider
17:55:00.251 [FXGL Background Thread 3 ] DEBUG Engine               - class com.almasb.fxgl.achievement.AchievementService
17:55:00.251 [FXGL Background Thread 3 ] DEBUG Engine               - class com.almasb.fxgl.cutscene.CutsceneService
17:55:00.251 [FXGL Background Thread 3 ] DEBUG Engine               - class com.almasb.fxgl.minigames.MiniGameService
17:55:00.252 [FXGL Background Thread 3 ] DEBUG Engine               - class com.almasb.fxgl.net.NetService
17:55:00.252 [FXGL Background Thread 3 ] DEBUG Engine               - class com.almasb.fxgl.app.services.UpdaterService
17:55:00.252 [FXGL Background Thread 3 ] DEBUG Engine               - class com.almasb.fxgl.dev.DevService
17:55:02.824 [JavaFX Application Thread] DEBUG FXGLApplication      - Exiting FXGL
17:55:02.825 [JavaFX Application Thread] DEBUG LoopRunner           - Stopping loop
17:55:02.825 [JavaFX Application Thread] DEBUG SystemBundleService  - Saving FXGL system data
17:55:02.829 [JavaFX Application Thread] DEBUG FileSystemAccess     - Writing to: /Users/davidr/uni/yr2/cs261/cwk/junctionmodeller/system/fxgl.bundle
17:55:02.839 [JavaFX Application Thread] DEBUG Async                - Shutting down background threads
17:55:02.840 [JavaFX Application Thread] DEBUG PrimaryStageWindow   - Closing main window
17:55:02.850 [JavaFX Application Thread] DEBUG Logger               - Closing Logger
